12:42:26 **** Incremental Build of configuration Debug for project UAOP ****
make -j24 all 
arm-none-eabi-size  UAOP.elf 
   text	   data	    bss	    dec	    hex	filename
  12816	    140	   2044	  15000	   3a98	UAOP.elf
Finished building: default.size.stdout
 
12:42:27 **** Incremental Build of configuration Debug for project UAOP ****
make -j24 all 
arm-none-eabi-size  UAOP.elf 
   text	   data	    bss	    dec	    hex	filename
  12816	    140	   2044	  15000	   3a98	UAOP.elf
Finished building: default.size.stdout
 
12:44:36 **** Incremental Build of configuration Debug for project UAOP ****
make -j24 all 
arm-none-eabi-gcc "../Core/Src/main.c" -mcpu=cortex-m3 -std=gnu11 -g3 -DDEBUG -DUSE_HAL_DRIVER -DSTM32F103xE -c -I../Core/Inc -IC:/Users/rkelin/STM32Cube/Repository/STM32Cube_FW_F1_V1.8.6/Drivers/STM32F1xx_HAL_Driver/Inc/Legacy -IC:/Users/rkelin/STM32Cube/Repository/STM32Cube_FW_F1_V1.8.6/Drivers/STM32F1xx_HAL_Driver/Inc -IC:/Users/rkelin/STM32Cube/Repository/STM32Cube_FW_F1_V1.8.6/Drivers/CMSIS/Device/ST/STM32F1xx/Include -IC:/Users/rkelin/STM32Cube/Repository/STM32Cube_FW_F1_V1.8.6/Drivers/CMSIS/Include -O0 -ffunction-sections -fdata-sections -Wall -fstack-usage -fcyclomatic-complexity -MMD -MP -MF"Core/Src/main.d" -MT"Core/Src/main.o" --specs=nano.specs -mfloat-abi=soft -mthumb -o "Core/Src/main.o"
arm-none-eabi-gcc -o "UAOP.elf" @"objects.list"   -mcpu=cortex-m3 -T"C:\Users\rkelin\STM32CubeIDE\workspace_1.17.0\UAOP\STM32F103RCTX_FLASH.ld" --specs=nosys.specs -Wl,-Map="UAOP.map" -Wl,--gc-sections -static --specs=nano.specs -mfloat-abi=soft -mthumb -Wl,--start-group -lc -lm -Wl,--end-group
Finished building target: UAOP.elf
 
arm-none-eabi-size  UAOP.elf 
arm-none-eabi-objdump -h -S UAOP.elf  > "UAOP.list"
arm-none-eabi-objcopy  -O ihex UAOP.elf  "UAOP.hex"
   text	   data	    bss	    dec	    hex	filename
  12712	    140	   2044	  14896	   3a30	UAOP.elf
arm-none-eabi-objcopy  -O binary UAOP.elf  "UAOP.bin"
Finished building: default.size.stdout
 
Finished building: UAOP.list
Finished building: UAOP.hex
 
Finished building: UAOP.bin
 
 
12:45:24 **** Incremental Build of configuration Debug for project UAOP ****
make -j24 all 
arm-none-eabi-gcc "../Core/Src/main.c" -mcpu=cortex-m3 -std=gnu11 -g3 -DDEBUG -DUSE_HAL_DRIVER -DSTM32F103xE -c -I../Core/Inc -IC:/Users/rkelin/STM32Cube/Repository/STM32Cube_FW_F1_V1.8.6/Drivers/STM32F1xx_HAL_Driver/Inc/Legacy -IC:/Users/rkelin/STM32Cube/Repository/STM32Cube_FW_F1_V1.8.6/Drivers/STM32F1xx_HAL_Driver/Inc -IC:/Users/rkelin/STM32Cube/Repository/STM32Cube_FW_F1_V1.8.6/Drivers/CMSIS/Device/ST/STM32F1xx/Include -IC:/Users/rkelin/STM32Cube/Repository/STM32Cube_FW_F1_V1.8.6/Drivers/CMSIS/Include -O0 -ffunction-sections -fdata-sections -Wall -fstack-usage -fcyclomatic-complexity -MMD -MP -MF"Core/Src/main.d" -MT"Core/Src/main.o" --specs=nano.specs -mfloat-abi=soft -mthumb -o "Core/Src/main.o"
arm-none-eabi-gcc -o "UAOP.elf" @"objects.list"   -mcpu=cortex-m3 -T"C:\Users\rkelin\STM32CubeIDE\workspace_1.17.0\UAOP\STM32F103RCTX_FLASH.ld" --specs=nosys.specs -Wl,-Map="UAOP.map" -Wl,--gc-sections -static --specs=nano.specs -mfloat-abi=soft -mthumb -Wl,--start-group -lc -lm -Wl,--end-group
Finished building target: UAOP.elf
 
arm-none-eabi-size  UAOP.elf 
arm-none-eabi-objdump -h -S UAOP.elf  > "UAOP.list"
arm-none-eabi-objcopy  -O ihex UAOP.elf  "UAOP.hex"
   text	   data	    bss	    dec	    hex	filename
  12692	    140	   2044	  14876	   3a1c	UAOP.elf
arm-none-eabi-objcopy  -O binary UAOP.elf  "UAOP.bin"
Finished building: default.size.stdout
 
Finished building: UAOP.list
Finished building: UAOP.hex
 
Finished building: UAOP.bin
 
 
14:34:31 **** Incremental Build of configuration Debug for project UAOP ****
make -j24 all 
arm-none-eabi-gcc "../Core/Src/main.c" -mcpu=cortex-m3 -std=gnu11 -g3 -DDEBUG -DUSE_HAL_DRIVER -DSTM32F103xE -c -I../Core/Inc -IC:/Users/rkelin/STM32Cube/Repository/STM32Cube_FW_F1_V1.8.6/Drivers/STM32F1xx_HAL_Driver/Inc/Legacy -IC:/Users/rkelin/STM32Cube/Repository/STM32Cube_FW_F1_V1.8.6/Drivers/STM32F1xx_HAL_Driver/Inc -IC:/Users/rkelin/STM32Cube/Repository/STM32Cube_FW_F1_V1.8.6/Drivers/CMSIS/Device/ST/STM32F1xx/Include -IC:/Users/rkelin/STM32Cube/Repository/STM32Cube_FW_F1_V1.8.6/Drivers/CMSIS/Include -O0 -ffunction-sections -fdata-sections -Wall -fstack-usage -fcyclomatic-complexity -MMD -MP -MF"Core/Src/main.d" -MT"Core/Src/main.o" --specs=nano.specs -mfloat-abi=soft -mthumb -o "Core/Src/main.o"
arm-none-eabi-gcc -o "UAOP.elf" @"objects.list"   -mcpu=cortex-m3 -T"C:\Users\rkelin\STM32CubeIDE\workspace_1.17.0\UAOP\STM32F103RCTX_FLASH.ld" --specs=nosys.specs -Wl,-Map="UAOP.map" -Wl,--gc-sections -static --specs=nano.specs -mfloat-abi=soft -mthumb -Wl,--start-group -lc -lm -Wl,--end-group
Finished building target: UAOP.elf
 
arm-none-eabi-size  UAOP.elf 
arm-none-eabi-objdump -h -S UAOP.elf  > "UAOP.list"
arm-none-eabi-objcopy  -O ihex UAOP.elf  "UAOP.hex"
   text	   data	    bss	    dec	    hex	filename
  12692	    140	   2044	  14876	   3a1c	UAOP.elf
arm-none-eabi-objcopy  -O binary UAOP.elf  "UAOP.bin"
Finished building: default.size.stdout
 
Finished building: UAOP.hex
Finished building: UAOP.list
 
Finished building: UAOP.bin
 
 
14:38:47 **** Incremental Build of configuration Debug for project UAOP ****
make -j24 all 
arm-none-eabi-gcc "../Core/Src/main.c" -mcpu=cortex-m3 -std=gnu11 -g3 -DDEBUG -DUSE_HAL_DRIVER -DSTM32F103xE -c -I../Core/Inc -IC:/Users/rkelin/STM32Cube/Repository/STM32Cube_FW_F1_V1.8.6/Drivers/STM32F1xx_HAL_Driver/Inc/Legacy -IC:/Users/rkelin/STM32Cube/Repository/STM32Cube_FW_F1_V1.8.6/Drivers/STM32F1xx_HAL_Driver/Inc -IC:/Users/rkelin/STM32Cube/Repository/STM32Cube_FW_F1_V1.8.6/Drivers/CMSIS/Device/ST/STM32F1xx/Include -IC:/Users/rkelin/STM32Cube/Repository/STM32Cube_FW_F1_V1.8.6/Drivers/CMSIS/Include -O0 -ffunction-sections -fdata-sections -Wall -fstack-usage -fcyclomatic-complexity -MMD -MP -MF"Core/Src/main.d" -MT"Core/Src/main.o" --specs=nano.specs -mfloat-abi=soft -mthumb -o "Core/Src/main.o"
arm-none-eabi-gcc -o "UAOP.elf" @"objects.list"   -mcpu=cortex-m3 -T"C:\Users\rkelin\STM32CubeIDE\workspace_1.17.0\UAOP\STM32F103RCTX_FLASH.ld" --specs=nosys.specs -Wl,-Map="UAOP.map" -Wl,--gc-sections -static --specs=nano.specs -mfloat-abi=soft -mthumb -Wl,--start-group -lc -lm -Wl,--end-group
Finished building target: UAOP.elf
 
arm-none-eabi-size  UAOP.elf 
arm-none-eabi-objdump -h -S UAOP.elf  > "UAOP.list"
arm-none-eabi-objcopy  -O ihex UAOP.elf  "UAOP.hex"
   text	   data	    bss	    dec	    hex	filename
  12692	    140	   2044	  14876	   3a1c	UAOP.elf
arm-none-eabi-objcopy  -O binary UAOP.elf  "UAOP.bin"
Finished building: default.size.stdout
 
Finished building: UAOP.list
Finished building: UAOP.hex
 
Finished building: UAOP.bin
 
 
14:56:55 **** Incremental Build of configuration Debug for project UAOP ****
make -j24 all 
arm-none-eabi-gcc "../Core/Src/main.c" -mcpu=cortex-m3 -std=gnu11 -g3 -DDEBUG -DUSE_HAL_DRIVER -DSTM32F103xE -c -I../Core/Inc -IC:/Users/rkelin/STM32Cube/Repository/STM32Cube_FW_F1_V1.8.6/Drivers/STM32F1xx_HAL_Driver/Inc/Legacy -IC:/Users/rkelin/STM32Cube/Repository/STM32Cube_FW_F1_V1.8.6/Drivers/STM32F1xx_HAL_Driver/Inc -IC:/Users/rkelin/STM32Cube/Repository/STM32Cube_FW_F1_V1.8.6/Drivers/CMSIS/Device/ST/STM32F1xx/Include -IC:/Users/rkelin/STM32Cube/Repository/STM32Cube_FW_F1_V1.8.6/Drivers/CMSIS/Include -O0 -ffunction-sections -fdata-sections -Wall -fstack-usage -fcyclomatic-complexity -MMD -MP -MF"Core/Src/main.d" -MT"Core/Src/main.o" --specs=nano.specs -mfloat-abi=soft -mthumb -o "Core/Src/main.o"
../Core/Src/main.c: In function 'main':
../Core/Src/main.c:140:66: warning: implicit declaration of function 'CheckGPIOState' [-Wimplicit-function-declaration]
  140 |                                                 uint32_t delta = CheckGPIOState(GPIOB, GPIO_PIN_12, GPIO_PIN_13);
      |                                                                  ^~~~~~~~~~~~~~
../Core/Src/main.c:140:58: warning: unused variable 'delta' [-Wunused-variable]
  140 |                                                 uint32_t delta = CheckGPIOState(GPIOB, GPIO_PIN_12, GPIO_PIN_13);
      |                                                          ^~~~~
../Core/Src/main.c:171:72: warning: format '%d' expects argument of type 'int', but argument 4 has type 'char *' [-Wformat=]
  171 |                                 snprintf(delta, sizeof(delta), "Time: %d\r\n", delta);
      |                                                                       ~^       ~~~~~
      |                                                                        |       |
      |                                                                        int     char *
      |                                                                       %s
../Core/Src/main.c: At top level:
../Core/Src/main.c:257:10: error: conflicting types for 'CheckGPIOState'; have 'uint32_t(GPIO_TypeDef *, uint16_t,  uint16_t)' {aka 'long unsigned int(GPIO_TypeDef *, short unsigned int,  short unsigned int)'}
  257 | uint32_t CheckGPIOState(GPIO_TypeDef* GPIOx, uint16_t pinStart, uint16_t pinEnd)
      |          ^~~~~~~~~~~~~~
../Core/Src/main.c:140:66: note: previous implicit declaration of 'CheckGPIOState' with type 'int()'
  140 |                                                 uint32_t delta = CheckGPIOState(GPIOB, GPIO_PIN_12, GPIO_PIN_13);
      |                                                                  ^~~~~~~~~~~~~~
make: *** [Core/Src/subdir.mk:34: Core/Src/main.o] Error 1
"make -j24 all" terminated with exit code 2. Build might be incomplete.
14:58:08 **** Incremental Build of configuration Debug for project UAOP ****
make -j24 all 
arm-none-eabi-gcc "../Core/Src/main.c" -mcpu=cortex-m3 -std=gnu11 -g3 -DDEBUG -DUSE_HAL_DRIVER -DSTM32F103xE -c -I../Core/Inc -IC:/Users/rkelin/STM32Cube/Repository/STM32Cube_FW_F1_V1.8.6/Drivers/STM32F1xx_HAL_Driver/Inc/Legacy -IC:/Users/rkelin/STM32Cube/Repository/STM32Cube_FW_F1_V1.8.6/Drivers/STM32F1xx_HAL_Driver/Inc -IC:/Users/rkelin/STM32Cube/Repository/STM32Cube_FW_F1_V1.8.6/Drivers/CMSIS/Device/ST/STM32F1xx/Include -IC:/Users/rkelin/STM32Cube/Repository/STM32Cube_FW_F1_V1.8.6/Drivers/CMSIS/Include -O0 -ffunction-sections -fdata-sections -Wall -fstack-usage -fcyclomatic-complexity -MMD -MP -MF"Core/Src/main.d" -MT"Core/Src/main.o" --specs=nano.specs -mfloat-abi=soft -mthumb -o "Core/Src/main.o"
../Core/Src/main.c: In function 'main':
../Core/Src/main.c:140:66: warning: implicit declaration of function 'CheckGPIOState' [-Wimplicit-function-declaration]
  140 |                                                 uint32_t delta = CheckGPIOState(GPIOB, GPIO_PIN_12, GPIO_PIN_13);
      |                                                                  ^~~~~~~~~~~~~~
../Core/Src/main.c:140:58: warning: unused variable 'delta' [-Wunused-variable]
  140 |                                                 uint32_t delta = CheckGPIOState(GPIOB, GPIO_PIN_12, GPIO_PIN_13);
      |                                                          ^~~~~
../Core/Src/main.c:171:73: warning: format '%lu' expects argument of type 'long unsigned int', but argument 4 has type 'char *' [-Wformat=]
  171 |                                 snprintf(delta, sizeof(delta), "Time: %lu\r\n", delta);
      |                                                                       ~~^       ~~~~~
      |                                                                         |       |
      |                                                                         |       char *
      |                                                                         long unsigned int
      |                                                                       %s
../Core/Src/main.c: At top level:
../Core/Src/main.c:257:10: error: conflicting types for 'CheckGPIOState'; have 'uint32_t(GPIO_TypeDef *, uint16_t,  uint16_t)' {aka 'long unsigned int(GPIO_TypeDef *, short unsigned int,  short unsigned int)'}
  257 | uint32_t CheckGPIOState(GPIO_TypeDef* GPIOx, uint16_t pinStart, uint16_t pinEnd)
      |          ^~~~~~~~~~~~~~
../Core/Src/main.c:140:66: note: previous implicit declaration of 'CheckGPIOState' with type 'int()'
  140 |                                                 uint32_t delta = CheckGPIOState(GPIOB, GPIO_PIN_12, GPIO_PIN_13);
      |                                                                  ^~~~~~~~~~~~~~
make: *** [Core/Src/subdir.mk:34: Core/Src/main.o] Error 1
"make -j24 all" terminated with exit code 2. Build might be incomplete.
15:00:54 **** Incremental Build of configuration Debug for project UAOP ****
make -j24 all 
arm-none-eabi-gcc "../Core/Src/main.c" -mcpu=cortex-m3 -std=gnu11 -g3 -DDEBUG -DUSE_HAL_DRIVER -DSTM32F103xE -c -I../Core/Inc -IC:/Users/rkelin/STM32Cube/Repository/STM32Cube_FW_F1_V1.8.6/Drivers/STM32F1xx_HAL_Driver/Inc/Legacy -IC:/Users/rkelin/STM32Cube/Repository/STM32Cube_FW_F1_V1.8.6/Drivers/STM32F1xx_HAL_Driver/Inc -IC:/Users/rkelin/STM32Cube/Repository/STM32Cube_FW_F1_V1.8.6/Drivers/CMSIS/Device/ST/STM32F1xx/Include -IC:/Users/rkelin/STM32Cube/Repository/STM32Cube_FW_F1_V1.8.6/Drivers/CMSIS/Include -O0 -ffunction-sections -fdata-sections -Wall -fstack-usage -fcyclomatic-complexity -MMD -MP -MF"Core/Src/main.d" -MT"Core/Src/main.o" --specs=nano.specs -mfloat-abi=soft -mthumb -o "Core/Src/main.o"
../Core/Src/main.c: In function 'main':
../Core/Src/main.c:140:66: warning: implicit declaration of function 'CheckGPIOState' [-Wimplicit-function-declaration]
  140 |                                                 uint32_t delta = CheckGPIOState(GPIOB, GPIO_PIN_12, GPIO_PIN_13);
      |                                                                  ^~~~~~~~~~~~~~
../Core/Src/main.c:140:58: warning: unused variable 'delta' [-Wunused-variable]
  140 |                                                 uint32_t delta = CheckGPIOState(GPIOB, GPIO_PIN_12, GPIO_PIN_13);
      |                                                          ^~~~~
../Core/Src/main.c:171:73: warning: format '%lu' expects argument of type 'long unsigned int', but argument 4 has type 'char *' [-Wformat=]
  171 |                                 snprintf(delta, sizeof(delta), "Time: %lu\r\n", delta);
      |                                                                       ~~^       ~~~~~
      |                                                                         |       |
      |                                                                         |       char *
      |                                                                         long unsigned int
      |                                                                       %s
../Core/Src/main.c: At top level:
../Core/Src/main.c:257:10: error: conflicting types for 'CheckGPIOState'; have 'uint32_t(GPIO_TypeDef *, uint16_t,  uint16_t)' {aka 'long unsigned int(GPIO_TypeDef *, short unsigned int,  short unsigned int)'}
  257 | uint32_t CheckGPIOState(GPIO_TypeDef* GPIOx, uint16_t pinStart, uint16_t pinEnd)
      |          ^~~~~~~~~~~~~~
../Core/Src/main.c:140:66: note: previous implicit declaration of 'CheckGPIOState' with type 'int()'
  140 |                                                 uint32_t delta = CheckGPIOState(GPIOB, GPIO_PIN_12, GPIO_PIN_13);
      |                                                                  ^~~~~~~~~~~~~~
make: *** [Core/Src/subdir.mk:34: Core/Src/main.o] Error 1
"make -j24 all" terminated with exit code 2. Build might be incomplete.
15:02:44 **** Incremental Build of configuration Debug for project UAOP ****
make -j24 all 
arm-none-eabi-gcc "../Core/Src/main.c" -mcpu=cortex-m3 -std=gnu11 -g3 -DDEBUG -DUSE_HAL_DRIVER -DSTM32F103xE -c -I../Core/Inc -IC:/Users/rkelin/STM32Cube/Repository/STM32Cube_FW_F1_V1.8.6/Drivers/STM32F1xx_HAL_Driver/Inc/Legacy -IC:/Users/rkelin/STM32Cube/Repository/STM32Cube_FW_F1_V1.8.6/Drivers/STM32F1xx_HAL_Driver/Inc -IC:/Users/rkelin/STM32Cube/Repository/STM32Cube_FW_F1_V1.8.6/Drivers/CMSIS/Device/ST/STM32F1xx/Include -IC:/Users/rkelin/STM32Cube/Repository/STM32Cube_FW_F1_V1.8.6/Drivers/CMSIS/Include -O0 -ffunction-sections -fdata-sections -Wall -fstack-usage -fcyclomatic-complexity -MMD -MP -MF"Core/Src/main.d" -MT"Core/Src/main.o" --specs=nano.specs -mfloat-abi=soft -mthumb -o "Core/Src/main.o"
../Core/Src/main.c: In function 'main':
../Core/Src/main.c:140:58: warning: unused variable 'delta' [-Wunused-variable]
  140 |                                                 uint32_t delta = CheckGPIOState(GPIOB, GPIO_PIN_12, GPIO_PIN_13);
      |                                                          ^~~~~
../Core/Src/main.c:171:73: warning: format '%lu' expects argument of type 'long unsigned int', but argument 4 has type 'char *' [-Wformat=]
  171 |                                 snprintf(delta, sizeof(delta), "Time: %lu\r\n", delta);
      |                                                                       ~~^       ~~~~~
      |                                                                         |       |
      |                                                                         |       char *
      |                                                                         long unsigned int
      |                                                                       %s
arm-none-eabi-gcc -o "UAOP.elf" @"objects.list"   -mcpu=cortex-m3 -T"C:\Users\rkelin\STM32CubeIDE\workspace_1.17.0\UAOP\STM32F103RCTX_FLASH.ld" --specs=nosys.specs -Wl,-Map="UAOP.map" -Wl,--gc-sections -static --specs=nano.specs -mfloat-abi=soft -mthumb -Wl,--start-group -lc -lm -Wl,--end-group
Finished building target: UAOP.elf
 
arm-none-eabi-size  UAOP.elf 
arm-none-eabi-objdump -h -S UAOP.elf  > "UAOP.list"
arm-none-eabi-objcopy  -O ihex UAOP.elf  "UAOP.hex"
   text	   data	    bss	    dec	    hex	filename
  12924	    140	   2060	  15124	   3b14	UAOP.elf
arm-none-eabi-objcopy  -O binary UAOP.elf  "UAOP.bin"
Finished building: default.size.stdout
 
Finished building: UAOP.hex
Finished building: UAOP.list
 
Finished building: UAOP.bin
 
 
15:04:09 **** Incremental Build of configuration Debug for project UAOP ****
make -j24 all 
arm-none-eabi-gcc "../Core/Src/main.c" -mcpu=cortex-m3 -std=gnu11 -g3 -DDEBUG -DUSE_HAL_DRIVER -DSTM32F103xE -c -I../Core/Inc -IC:/Users/rkelin/STM32Cube/Repository/STM32Cube_FW_F1_V1.8.6/Drivers/STM32F1xx_HAL_Driver/Inc/Legacy -IC:/Users/rkelin/STM32Cube/Repository/STM32Cube_FW_F1_V1.8.6/Drivers/STM32F1xx_HAL_Driver/Inc -IC:/Users/rkelin/STM32Cube/Repository/STM32Cube_FW_F1_V1.8.6/Drivers/CMSIS/Device/ST/STM32F1xx/Include -IC:/Users/rkelin/STM32Cube/Repository/STM32Cube_FW_F1_V1.8.6/Drivers/CMSIS/Include -O0 -ffunction-sections -fdata-sections -Wall -fstack-usage -fcyclomatic-complexity -MMD -MP -MF"Core/Src/main.d" -MT"Core/Src/main.o" --specs=nano.specs -mfloat-abi=soft -mthumb -o "Core/Src/main.o"
../Core/Src/main.c: In function 'main':
../Core/Src/main.c:140:58: warning: unused variable 'delta' [-Wunused-variable]
  140 |                                                 uint32_t delta = CheckGPIOState(GPIOB, GPIO_PIN_12, GPIO_PIN_13);
      |                                                          ^~~~~
../Core/Src/main.c:171:73: warning: format '%lu' expects argument of type 'long unsigned int', but argument 4 has type 'char *' [-Wformat=]
  171 |                                 snprintf(delta, sizeof(delta), "Time: %lu\r\n", delta);
      |                                                                       ~~^       ~~~~~
      |                                                                         |       |
      |                                                                         |       char *
      |                                                                         long unsigned int
      |                                                                       %s
arm-none-eabi-gcc -o "UAOP.elf" @"objects.list"   -mcpu=cortex-m3 -T"C:\Users\rkelin\STM32CubeIDE\workspace_1.17.0\UAOP\STM32F103RCTX_FLASH.ld" --specs=nosys.specs -Wl,-Map="UAOP.map" -Wl,--gc-sections -static --specs=nano.specs -mfloat-abi=soft -mthumb -Wl,--start-group -lc -lm -Wl,--end-group
Finished building target: UAOP.elf
 
arm-none-eabi-size  UAOP.elf 
arm-none-eabi-objdump -h -S UAOP.elf  > "UAOP.list"
arm-none-eabi-objcopy  -O ihex UAOP.elf  "UAOP.hex"
   text	   data	    bss	    dec	    hex	filename
  12924	    140	   2060	  15124	   3b14	UAOP.elf
arm-none-eabi-objcopy  -O binary UAOP.elf  "UAOP.bin"
Finished building: default.size.stdout
 
Finished building: UAOP.hex
Finished building: UAOP.list
 
Finished building: UAOP.bin
 
 
15:09:42 **** Incremental Build of configuration Debug for project UAOP ****
make -j24 all 
arm-none-eabi-gcc "../Core/Src/main.c" -mcpu=cortex-m3 -std=gnu11 -g3 -DDEBUG -DUSE_HAL_DRIVER -DSTM32F103xE -c -I../Core/Inc -IC:/Users/rkelin/STM32Cube/Repository/STM32Cube_FW_F1_V1.8.6/Drivers/STM32F1xx_HAL_Driver/Inc/Legacy -IC:/Users/rkelin/STM32Cube/Repository/STM32Cube_FW_F1_V1.8.6/Drivers/STM32F1xx_HAL_Driver/Inc -IC:/Users/rkelin/STM32Cube/Repository/STM32Cube_FW_F1_V1.8.6/Drivers/CMSIS/Device/ST/STM32F1xx/Include -IC:/Users/rkelin/STM32Cube/Repository/STM32Cube_FW_F1_V1.8.6/Drivers/CMSIS/Include -O0 -ffunction-sections -fdata-sections -Wall -fstack-usage -fcyclomatic-complexity -MMD -MP -MF"Core/Src/main.d" -MT"Core/Src/main.o" --specs=nano.specs -mfloat-abi=soft -mthumb -o "Core/Src/main.o"
../Core/Src/main.c: In function 'main':
../Core/Src/main.c:140:58: warning: unused variable 'delta' [-Wunused-variable]
  140 |                                                 uint32_t delta = CheckGPIOState(GPIOB, GPIO_PIN_12, GPIO_PIN_13);
      |                                                          ^~~~~
../Core/Src/main.c:171:73: warning: format '%lu' expects argument of type 'long unsigned int', but argument 4 has type 'char *' [-Wformat=]
  171 |                                 snprintf(delta, sizeof(delta), "Time: %lu\r\n", delta);
      |                                                                       ~~^       ~~~~~
      |                                                                         |       |
      |                                                                         |       char *
      |                                                                         long unsigned int
      |                                                                       %s
../Core/Src/main.c: In function 'CheckGPIOState':
../Core/Src/main.c:263:31: error: 'prevStateStart' undeclared (first use in this function); did you mean 'currStateStart'?
  263 |         if (currStateStart != prevStateStart)
      |                               ^~~~~~~~~~~~~~
      |                               currStateStart
../Core/Src/main.c:263:31: note: each undeclared identifier is reported only once for each function it appears in
../Core/Src/main.c:274:29: error: 'prevStateEnd' undeclared (first use in this function); did you mean 'currStateEnd'?
  274 |         if (currStateEnd != prevStateEnd)
      |                             ^~~~~~~~~~~~
      |                             currStateEnd
make: *** [Core/Src/subdir.mk:34: Core/Src/main.o] Error 1
"make -j24 all" terminated with exit code 2. Build might be incomplete.
15:10:35 **** Incremental Build of configuration Debug for project UAOP ****
make -j24 all 
arm-none-eabi-gcc "../Core/Src/main.c" -mcpu=cortex-m3 -std=gnu11 -g3 -DDEBUG -DUSE_HAL_DRIVER -DSTM32F103xE -c -I../Core/Inc -IC:/Users/rkelin/STM32Cube/Repository/STM32Cube_FW_F1_V1.8.6/Drivers/STM32F1xx_HAL_Driver/Inc/Legacy -IC:/Users/rkelin/STM32Cube/Repository/STM32Cube_FW_F1_V1.8.6/Drivers/STM32F1xx_HAL_Driver/Inc -IC:/Users/rkelin/STM32Cube/Repository/STM32Cube_FW_F1_V1.8.6/Drivers/CMSIS/Device/ST/STM32F1xx/Include -IC:/Users/rkelin/STM32Cube/Repository/STM32Cube_FW_F1_V1.8.6/Drivers/CMSIS/Include -O0 -ffunction-sections -fdata-sections -Wall -fstack-usage -fcyclomatic-complexity -MMD -MP -MF"Core/Src/main.d" -MT"Core/Src/main.o" --specs=nano.specs -mfloat-abi=soft -mthumb -o "Core/Src/main.o"
../Core/Src/main.c: In function 'main':
../Core/Src/main.c:142:58: warning: unused variable 'delta' [-Wunused-variable]
  142 |                                                 uint32_t delta = CheckGPIOState(GPIOB, GPIO_PIN_12, GPIO_PIN_13);
      |                                                          ^~~~~
../Core/Src/main.c:173:73: warning: format '%lu' expects argument of type 'long unsigned int', but argument 4 has type 'char *' [-Wformat=]
  173 |                                 snprintf(delta, sizeof(delta), "Time: %lu\r\n", delta);
      |                                                                       ~~^       ~~~~~
      |                                                                         |       |
      |                                                                         |       char *
      |                                                                         long unsigned int
      |                                                                       %s
arm-none-eabi-gcc -o "UAOP.elf" @"objects.list"   -mcpu=cortex-m3 -T"C:\Users\rkelin\STM32CubeIDE\workspace_1.17.0\UAOP\STM32F103RCTX_FLASH.ld" --specs=nosys.specs -Wl,-Map="UAOP.map" -Wl,--gc-sections -static --specs=nano.specs -mfloat-abi=soft -mthumb -Wl,--start-group -lc -lm -Wl,--end-group
Finished building target: UAOP.elf
 
arm-none-eabi-size  UAOP.elf 
arm-none-eabi-objdump -h -S UAOP.elf  > "UAOP.list"
arm-none-eabi-objcopy  -O ihex UAOP.elf  "UAOP.hex"
   text	   data	    bss	    dec	    hex	filename
  12924	    140	   2060	  15124	   3b14	UAOP.elf
arm-none-eabi-objcopy  -O binary UAOP.elf  "UAOP.bin"
Finished building: default.size.stdout
 
Finished building: UAOP.hex
Finished building: UAOP.list
 
Finished building: UAOP.bin
 
 
15:13:40 **** Incremental Build of configuration Debug for project UAOP ****
make -j24 all 
arm-none-eabi-gcc "../Core/Src/main.c" -mcpu=cortex-m3 -std=gnu11 -g3 -DDEBUG -DUSE_HAL_DRIVER -DSTM32F103xE -c -I../Core/Inc -IC:/Users/rkelin/STM32Cube/Repository/STM32Cube_FW_F1_V1.8.6/Drivers/STM32F1xx_HAL_Driver/Inc/Legacy -IC:/Users/rkelin/STM32Cube/Repository/STM32Cube_FW_F1_V1.8.6/Drivers/STM32F1xx_HAL_Driver/Inc -IC:/Users/rkelin/STM32Cube/Repository/STM32Cube_FW_F1_V1.8.6/Drivers/CMSIS/Device/ST/STM32F1xx/Include -IC:/Users/rkelin/STM32Cube/Repository/STM32Cube_FW_F1_V1.8.6/Drivers/CMSIS/Include -O0 -ffunction-sections -fdata-sections -Wall -fstack-usage -fcyclomatic-complexity -MMD -MP -MF"Core/Src/main.d" -MT"Core/Src/main.o" --specs=nano.specs -mfloat-abi=soft -mthumb -o "Core/Src/main.o"
arm-none-eabi-gcc -o "UAOP.elf" @"objects.list"   -mcpu=cortex-m3 -T"C:\Users\rkelin\STM32CubeIDE\workspace_1.17.0\UAOP\STM32F103RCTX_FLASH.ld" --specs=nosys.specs -Wl,-Map="UAOP.map" -Wl,--gc-sections -static --specs=nano.specs -mfloat-abi=soft -mthumb -Wl,--start-group -lc -lm -Wl,--end-group
Finished building target: UAOP.elf
 
arm-none-eabi-size  UAOP.elf 
arm-none-eabi-objdump -h -S UAOP.elf  > "UAOP.list"
arm-none-eabi-objcopy  -O ihex UAOP.elf  "UAOP.hex"
   text	   data	    bss	    dec	    hex	filename
  12692	    140	   2044	  14876	   3a1c	UAOP.elf
arm-none-eabi-objcopy  -O binary UAOP.elf  "UAOP.bin"
Finished building: default.size.stdout
 
Finished building: UAOP.hex
Finished building: UAOP.list
 
Finished building: UAOP.bin
 
 
